サーバーがポート 3000 で起動しました
ディレクトリ: /home/user/webapp
20/Sep/2025 17:10:56 - "GET / HTTP/1.1" 200 -
20/Sep/2025 17:10:57 - "GET /css/style.css HTTP/1.1" 200 -
20/Sep/2025 17:10:57 - "GET /js/script.js HTTP/1.1" 200 -
20/Sep/2025 17:10:59 - code 404, message File not found
20/Sep/2025 17:10:59 - "GET /favicon.ico HTTP/1.1" 404 -
21/Sep/2025 22:42:05 - "GET / HTTP/1.1" 200 -
21/Sep/2025 22:42:05 - "GET /css/style.css HTTP/1.1" 200 -
21/Sep/2025 22:42:06 - "GET /js/script.js HTTP/1.1" 200 -
22/Sep/2025 13:06:15 - "GET / HTTP/1.1" 304 -
22/Sep/2025 13:06:15 - "GET /js/script.js HTTP/1.1" 304 -
22/Sep/2025 13:06:15 - "GET /css/style.css HTTP/1.1" 304 -
22/Sep/2025 13:35:38 - code 404, message File not found
22/Sep/2025 13:35:38 - "GET /favicon.ico HTTP/1.1" 404 -
22/Sep/2025 13:44:38 - "GET / HTTP/1.1" 304 -
22/Sep/2025 13:44:38 - "GET /css/style.css HTTP/1.1" 304 -
22/Sep/2025 13:44:38 - "GET /js/script.js HTTP/1.1" 304 -
22/Sep/2025 13:47:54 - "GET / HTTP/1.1" 304 -
22/Sep/2025 14:06:57 - "GET / HTTP/1.1" 200 -
22/Sep/2025 14:06:57 - "GET /js/script.js HTTP/1.1" 200 -
22/Sep/2025 14:06:57 - "GET /css/style.css HTTP/1.1" 200 -
22/Sep/2025 14:06:58 - code 404, message File not found
22/Sep/2025 14:06:58 - "GET /favicon.ico HTTP/1.1" 404 -
22/Sep/2025 15:03:18 - "GET / HTTP/1.1" 200 -
22/Sep/2025 15:03:18 - "GET /css/style.css HTTP/1.1" 304 -
22/Sep/2025 15:03:21 - "GET / HTTP/1.1" 200 -
22/Sep/2025 15:03:21 - "GET /css/style.css HTTP/1.1" 200 -
22/Sep/2025 15:03:21 - "GET /js/script.js HTTP/1.1" 200 -
22/Sep/2025 15:03:22 - code 404, message File not found
22/Sep/2025 15:03:22 - "GET /favicon.ico HTTP/1.1" 404 -
22/Sep/2025 15:35:05 - "GET / HTTP/1.1" 304 -
22/Sep/2025 15:35:05 - "GET /css/style.css HTTP/1.1" 200 -
22/Sep/2025 15:35:08 - "GET / HTTP/1.1" 200 -
22/Sep/2025 15:35:08 - "GET /js/script.js HTTP/1.1" 200 -
22/Sep/2025 15:35:08 - "GET /css/style.css HTTP/1.1" 200 -
22/Sep/2025 15:35:09 - code 404, message File not found
22/Sep/2025 15:35:09 - "GET /favicon.ico HTTP/1.1" 404 -
22/Sep/2025 16:19:04 - "GET / HTTP/1.1" 200 -
22/Sep/2025 16:19:04 - "GET /css/style.css HTTP/1.1" 200 -
22/Sep/2025 16:19:15 - "GET / HTTP/1.1" 200 -
22/Sep/2025 16:19:15 - "GET /css/style.css HTTP/1.1" 200 -
22/Sep/2025 16:19:15 - "GET /js/script.js HTTP/1.1" 200 -
22/Sep/2025 16:19:16 - code 404, message File not found
22/Sep/2025 16:19:16 - "GET /favicon.ico HTTP/1.1" 404 -
